Microchip MPLAB XC8 Compiler V2.32

Linker command line:

-W-3 --edf=C:\Program Files\Microchip\xc8\v2.32\pic\dat\en_msgs.txt -cn \
  -h+dist/default/production\PROJETOFINAL.X.production.sym \
  --cmf=dist/default/production\PROJETOFINAL.X.production.cmf -z -Q18F4520 \
  -oC:\Users\gusta\AppData\Local\Temp\xcAsaqo.4 --defsym=__MPLAB_BUILD=1 \
  -Mdist/default/production/PROJETOFINAL.X.production.map -E1 \
  -ver=XC8 Compiler --acfsm=1493 -ASTACK=01EEh-05FFh -pstack=STACK \
  -ACODE=00h-07FFFh -ACONST=00h-07FFFh -ASMALLCONST=0600h-06FFhx122 \
  -AMEDIUMCONST=0600h-07FFFh -ACOMRAM=01h-07Fh -AABS1=00h-05FFh \
  -ABIGRAM=01h-05FFh -ARAM=080h-0FFh,0100h-01FFhx5 -ABANK0=080h-0FFh \
  -ABANK1=0100h-01FFh -ABANK2=0200h-02FFh -ABANK3=0300h-03FFh \
  -ABANK4=0400h-04FFh -ABANK5=0500h-05FFh -ASFR=0F80h-0FFFh \
  -ACONFIG=0300000h-030000Dh -AIDLOC=0200000h-0200007h \
  -AEEDATA=0F00000h-0F000FFh -peeprom_data=EEDATA \
  -preset_vec=00h,intcode,intcodelo,powerup,init -pramtop=0600h \
  -psmallconst=SMALLCONST -pmediumconst=MEDIUMCONST -pconst=CONST \
  -AFARRAM=00h-00h \
  -prdata=COMRAM,nvrram=COMRAM,nvbit=COMRAM,rbss=COMRAM,rbit=COMRAM \
  -pfarbss=FARRAM,fardata=FARRAM,nvFARRAM=FARRAM \
  -pintsave_regs=BIGRAM,bigbss=BIGRAM,bigdata=BIGRAM -pbss=RAM \
  -pidata=CODE,irdata=CODE,ibigdata=CODE,ifardata=CODE -prparam=COMRAM \
  C:\Users\gusta\AppData\Local\Temp\xcAsaqo.o \
  dist/default/production\PROJETOFINAL.X.production.o 

Object code version is 3.11

Machine type is 18F4520



                Name                               Link     Load   Length Selector   Space Scale
C:\Users\gusta\AppData\Local\Temp\xcAsaqo.o
                idloc                            200000   200000        8        0       5
                config                           300000   300000        E        0       4
                init                                  0        0        4        0       0
dist/default/production\PROJETOFINAL.X.production.o
                idloc                            200000   200000        8        0       5
                config                           300000   300000        E        0       4
                smallconst                          600      600       64      300       0
                text58                             268C     268C       44      332       0
                text57                             1C1C     1C1C       C4      332       0
                text56                             2A86     2A86       26     1438       0
                text55                             16B4     16B4      15E      332       0
                text54                             2904     2904       30     1438       0
                text53                             2AF4     2AF4        2     1438       0
                text52                             1186     1186      24E      332       0
                text51                             2712     2712       42      332       0
                text50                             2A0E     2A0E       2A     1438       0
                text49                             29E4     29E4       2A     1438       0
                text48                             2562     2562       4E      332       0
                text47                             2356     2356       5A      332       0
                text46                             2ACA     2ACA       1E     1438       0
                text45                             2AAC     2AAC       1E     1438       0
                text44                             2792     2792       3A      332       0
                text43                             1EEC     1EEC       78      332       0
                text42                             229A     229A       60      332       0
                text41                             2110     2110       6A      332       0
                text40                             20A6     20A6       6A      332       0
                text39                             203C     203C       6A      332       0
                text38                             1D94     1D94       B0      332       0
                text37                              664      664      4C0      332       0
                text36                             1950     1950      104      332       0
                text35                             26D0     26D0       42      332       0
                text34                             2AF2     2AF2        2     1438       0
                text33                              F38      F38      24E      332       0
                text32                             29BA     29BA       2A     1438       0
                text31                             154A     154A      16A      332       0
                text30                             2804     2804       38      332       0
                text29                             27CC     27CC       38      332       0
                text28                             28A2     28A2       32     1438       0
                text27                             2990     2990       2A     1438       0
                text26                             28D4     28D4       30     1438       0
                text25                             2460     2460       58      332       0
                text24                             250E     250E       54      332       0
                text23                             25FC     25FC       4A      332       0
                text22                             223A     223A       60      332       0
                text21                             2646     2646       46      332       0
                text20                             1FD2     1FD2       6A      332       0
                text19                             1F64     1F64       6E      332       0
                text18                             2A38     2A38       28     1438       0
                text17                             2408     2408       58      332       0
                text16                             13D4     13D4      176      332       0
                text15                             25B0     25B0       4C      332       0
                text14                              B24      B24      414      332       0
                text13                             21DA     21DA       60      332       0
                text12                             2962     2962       2E     1438       0
                text11                             2934     2934       2E     1438       0
                text10                             1E44     1E44       A8      332       0
                text9                              1812     1812      13E      332       0
                text8                              2754     2754       3E      332       0
                text7                              2870     2870       32     1438       0
                text6                              2AE8     2AE8        A     1438       0
                text5                              2A60     2A60       26     1438       0
                text4                              1CE0     1CE0       B4      332       0
                text3                              24B8     24B8       56      332       0
                text2                              217A     217A       60      332       0
                text1                              22FA     22FA       5C      332       0
                text0                              1B42     1B42       DA      332       0
                cstackCOMRAM                          1        1       7E        1       1
                cstackBANK0                          B3       B3       26       80       1
                dataBANK1                           100      100       EE      100       1
                dataBANK0                            80       80       33       80       1
                bssBANK0                             D9       D9       19       80       1
                bssCOMRAM                            7F       7F        1        1       1
                cinit                              23B0     23B0       58      332       0
                nvBANK0                              F2       F2        4       80       1
                idataBANK1                         1A54     1A54       EE      332       0
                idataBANK0                         283C     283C       33      332       0

TOTAL           Name                               Link     Load   Length     Space
        CLASS   STACK          

        CLASS   CODE           
                init                                  0        0        4         0
                text58                             268C     268C       44         0
                text57                             1C1C     1C1C       C4         0
                text56                             2A86     2A86       26         0
                text55                             16B4     16B4      15E         0
                text54                             2904     2904       30         0
                text53                             2AF4     2AF4        2         0
                text52                             1186     1186      24E         0
                text51                             2712     2712       42         0
                text50                             2A0E     2A0E       2A         0
                text49                             29E4     29E4       2A         0
                text48                             2562     2562       4E         0
                text47                             2356     2356       5A         0
                text46                             2ACA     2ACA       1E         0
                text45                             2AAC     2AAC       1E         0
                text44                             2792     2792       3A         0
                text43                             1EEC     1EEC       78         0
                text42                             229A     229A       60         0
                text41                             2110     2110       6A         0
                text40                             20A6     20A6       6A         0
                text39                             203C     203C       6A         0
                text38                             1D94     1D94       B0         0
                text37                              664      664      4C0         0
                text36                             1950     1950      104         0
                text35                             26D0     26D0       42         0
                text34                             2AF2     2AF2        2         0
                text33                              F38      F38      24E         0
                text32                             29BA     29BA       2A         0
                text31                             154A     154A      16A         0
                text30                             2804     2804       38         0
                text29                             27CC     27CC       38         0
                text28                             28A2     28A2       32         0
                text27                             2990     2990       2A         0
                text26                             28D4     28D4       30         0
                text25                             2460     2460       58         0
                text24                             250E     250E       54         0
                text23                             25FC     25FC       4A         0
                text22                             223A     223A       60         0
                text21                             2646     2646       46         0
                text20                             1FD2     1FD2       6A         0
                text19                             1F64     1F64       6E         0
                text18                             2A38     2A38       28         0
                text17                             2408     2408       58         0
                text16                             13D4     13D4      176         0
                text15                             25B0     25B0       4C         0
                text14                              B24      B24      414         0
                text13                             21DA     21DA       60         0
                text12                             2962     2962       2E         0
                text11                             2934     2934       2E         0
                text10                             1E44     1E44       A8         0
                text9                              1812     1812      13E         0
                text8                              2754     2754       3E         0
                text7                              2870     2870       32         0
                text6                              2AE8     2AE8        A         0
                text5                              2A60     2A60       26         0
                text4                              1CE0     1CE0       B4         0
                text3                              24B8     24B8       56         0
                text2                              217A     217A       60         0
                text1                              22FA     22FA       5C         0
                text0                              1B42     1B42       DA         0
                cinit                              23B0     23B0       58         0
                idataBANK1                         1A54     1A54       EE         0
                idataBANK0                         283C     283C       33         0

        CLASS   CONST          

        CLASS   SMALLCONST     
                smallconst                          600      600       64         0

        CLASS   MEDIUMCONST    

        CLASS   COMRAM         
                cstackCOMRAM                          1        1       7E         1
                bssCOMRAM                            7F       7F        1         1

        CLASS   ABS1           

        CLASS   BIGRAM         

        CLASS   RAM            

        CLASS   BANK0          
                cstackBANK0                          B3       B3       26         1
                dataBANK0                            80       80       33         1
                bssBANK0                             D9       D9       19         1
                nvBANK0                              F2       F2        4         1

        CLASS   BANK1          
                dataBANK1                           100      100       EE         1

        CLASS   BANK2          

        CLASS   BANK3          

        CLASS   BANK4          

        CLASS   BANK5          

        CLASS   SFR            

        CLASS   CONFIG         
                config                           300000   300000        E         4

        CLASS   IDLOC          
                idloc                            200000   200000        8         5

        CLASS   EEDATA         

        CLASS   FARRAM         



SEGMENTS        Name                           Load    Length   Top    Selector   Space  Class

                reset_vec                      000000  000004  000004         0       0  CODE    
                cstackCOMRAM                   000001  00007F  000080         1       1  COMRAM  
                dataBANK0                      000080  000076  0000F6        80       1  BANK0   
                dataBANK1                      000100  0000EE  0001EE       100       1  BANK1   
                smallconst                     000600  000064  000664       300       0  SMALLCON
                text37                         000664  00220B  00286F       332       0  CODE    
                text7                          002870  000286  002AF6      1438       0  CODE    


UNUSED ADDRESS RANGES

        Name                Unused          Largest block    Delta
        BANK0            0000F6-0000FF                A
        BANK1            0001EE-0001FF               12
        BANK2            000200-0002FF              100
        BANK3            000300-0003FF              100
        BANK4            000400-0004FF              100
        BANK5            000500-0005FF              100
        BIGRAM           0000F6-0000FF                A
                         0001EE-0005FF              412
        CODE             000004-0005FF              5FC
                         00286F-00286F                1
                         002AF6-007FFF             550A
        CONST            000004-0005FF              5FC
                         00286F-00286F                1
                         002AF6-007FFF             550A
        EEDATA           F00000-F000FF              100
        MEDIUMCONST      00286F-00286F                1
                         002AF6-007FFF             550A
        RAM              0000F6-0000FF                A
                         0001EE-0005FF              100
        SFR              000F80-000FFF               80
        SMALLCONST       00286F-00286F                1
                         002AF6-007FFF              100
        STACK            0001EE-0005FF              412

                                  Symbol Table

?___awdiv                      cstackCOMRAM 000001
?___awmod                      cstackCOMRAM 000013
?___fladd                      cstackCOMRAM 000001
?___lmul                       cstackCOMRAM 000001
?___wmul                       cstackCOMRAM 000019
?_bcd2dec                      cstackCOMRAM 00001F
?_digitalRead                  cstackCOMRAM 000001
?_dsReadData                   cstackCOMRAM 00000E
?_kpRead                       cstackCOMRAM 000001
?_rand                         cstackCOMRAM 00000D
?_time                         cstackCOMRAM 000001
Apostando@randomChar           cstackCOMRAM 000075
Apostando@t                    cstackCOMRAM 00006D
Apostando@tempo                cstackCOMRAM 000071
GameOver@F2804                 dataBANK1    0001C1
GameOver@F2806                 dataBANK1    000115
GameOver@textBaixo             cstackCOMRAM 00003F
GameOver@textCima              cstackCOMRAM 000053
Lose@F2809                     dataBANK1    0001B2
Lose@F2811                     dataBANK1    0001A3
Lose@textBaixo                 cstackCOMRAM 00004E
Lose@textCima                  cstackCOMRAM 00003F
Win1x@F2824                    dataBANK1    000167
Win1x@F2826                    dataBANK1    000158
Win1x@textBaixo                cstackCOMRAM 00004E
Win1x@textCima                 cstackCOMRAM 00003F
Win2x@F2819                    dataBANK1    000100
Win2x@F2821                    dataBANK1    000176
Win2x@textBaixo                cstackCOMRAM 000054
Win2x@textCima                 cstackCOMRAM 00003F
WinAll@F2814                   dataBANK1    000194
WinAll@F2816                   dataBANK1    000185
WinAll@textBaixo               cstackCOMRAM 00004E
WinAll@textCima                cstackCOMRAM 00003F
_ADCON1                        (abs)        000FC1
_Apostando                     text14       000B24
_Apostando$1320                cstackCOMRAM 00006B
_GameOver                      text13       0021DA
_I2C_delay                     text34       002AF2
_Lose                          text42       00229A
_PORTA                         (abs)        000F80
_PORTB                         (abs)        000F81
_PORTC                         (abs)        000F82
_PORTD                         (abs)        000F83
_PORTE                         (abs)        000F84
_PulseClockData                text50       002A0E
_PulseEnClock                  text49       0029E4
_TRISA                         (abs)        000F92
_TRISB                         (abs)        000F93
_TRISC                         (abs)        000F94
_TRISD                         (abs)        000F95
_TRISE                         (abs)        000F96
_Win1x                         text41       002110
_Win2x                         text40       0020A6
_WinAll                        text39       00203C
__HRAM                         (abs)        000000
__Habs1                        abs1         000000
__Hbank0                       bank0        000000
__Hbank1                       bank1        000000
__Hbank2                       bank2        000000
__Hbank3                       bank3        000000
__Hbank4                       bank4        000000
__Hbank5                       bank5        000000
__Hbigbss                      bigbss       000000
__Hbigdata                     bigdata      000000
__Hbigram                      bigram       000000
__Hbss                         bss          000000
__HbssBANK0                    bssBANK0     000000
__HbssCOMRAM                   bssCOMRAM    000000
__Hcinit                       cinit        000000
__Hclrtext                     clrtext      000000
__Hcomram                      comram       000000
__Hconfig                      config       30000E
__Hconst                       const        000000
__HcstackBANK0                 cstackBANK0  000000
__HcstackCOMRAM                cstackCOMRAM 000000
__Hdata                        data         000000
__HdataBANK0                   dataBANK0    000000
__HdataBANK1                   dataBANK1    000000
__Heeprom_data                 eeprom_data  000000
__Hfarbss                      farbss       000000
__Hfardata                     fardata      000000
__Hibigdata                    ibigdata     000000
__Hidata                       idata        000000
__HidataBANK0                  idataBANK0   000000
__HidataBANK1                  idataBANK1   000000
__Hidloc                       idloc        200008
__Hifardata                    ifardata     000000
__Hinit                        init         000004
__Hintcode                     intcode      000000
__Hintcode_body                intcode_body 000000
__Hintcodelo                   intcodelo    000000
__Hintentry                    intentry     000000
__Hintret                      intret       000000
__Hintsave_regs                intsave_regs 000000
__Hirdata                      irdata       000000
__Hmediumconst                 mediumconst  000000
__HnvBANK0                     nvBANK0      000000
__HnvFARRAM                    nvFARRAM     000000
__Hnvbit                       nvbit        000000
__Hnvrram                      nvrram       000000
__Hparam                       rparam       000000
__Hpowerup                     powerup      000000
__Hram                         ram          000000
__Hramtop                      ramtop       000600
__Hrbit                        rbit         000000
__Hrbss                        rbss         000000
__Hrdata                       rdata        000000
__Hreset_vec                   reset_vec    000000
__Hrparam                      rparam       000000
__Hsfr                         sfr          000000
__Hsmallconst                  smallconst   000664
__Hspace_0                     (abs)        002AF6
__Hspace_1                     (abs)        0001EE
__Hspace_2                     (abs)        000000
__Hspace_4                     (abs)        60000E
__Hstack                       stack        000000
__Hstruct                      struct       000000
__Htemp                        temp         000000
__Htext                        text         000000
__Htext0                       text0        000000
__Htext1                       text1        000000
__Htext10                      text10       000000
__Htext11                      text11       000000
__Htext12                      text12       000000
__Htext13                      text13       000000
__Htext14                      text14       000000
__Htext15                      text15       000000
__Htext16                      text16       000000
__Htext17                      text17       000000
__Htext18                      text18       000000
__Htext19                      text19       000000
__Htext2                       text2        000000
__Htext20                      text20       000000
__Htext21                      text21       000000
__Htext22                      text22       000000
__Htext23                      text23       000000
__Htext24                      text24       000000
__Htext25                      text25       000000
__Htext26                      text26       000000
__Htext27                      text27       000000
__Htext28                      text28       000000
__Htext29                      text29       000000
__Htext3                       text3        000000
__Htext30                      text30       000000
__Htext31                      text31       000000
__Htext32                      text32       000000
__Htext33                      text33       000000
__Htext34                      text34       000000
__Htext35                      text35       000000
__Htext36                      text36       000000
__Htext37                      text37       000000
__Htext38                      text38       000000
__Htext39                      text39       000000
__Htext4                       text4        000000
__Htext40                      text40       000000
__Htext41                      text41       000000
__Htext42                      text42       000000
__Htext43                      text43       000000
__Htext44                      text44       000000
__Htext45                      text45       000000
__Htext46                      text46       000000
__Htext47                      text47       000000
__Htext48                      text48       000000
__Htext49                      text49       000000
__Htext5                       text5        000000
__Htext50                      text50       000000
__Htext51                      text51       000000
__Htext52                      text52       000000
__Htext53                      text53       000000
__Htext54                      text54       000000
__Htext55                      text55       000000
__Htext56                      text56       000000
__Htext57                      text57       000000
__Htext58                      text58       000000
__Htext6                       text6        000000
__Htext7                       text7        000000
__Htext8                       text8        000000
__Htext9                       text9        000000
__LRAM                         (abs)        000001
__Labs1                        abs1         000000
__Lbank0                       bank0        000000
__Lbank1                       bank1        000000
__Lbank2                       bank2        000000
__Lbank3                       bank3        000000
__Lbank4                       bank4        000000
__Lbank5                       bank5        000000
__Lbigbss                      bigbss       000000
__Lbigdata                     bigdata      000000
__Lbigram                      bigram       000000
__Lbss                         bss          000000
__LbssBANK0                    bssBANK0     000000
__LbssCOMRAM                   bssCOMRAM    000000
__Lcinit                       cinit        000000
__Lclrtext                     clrtext      000000
__Lcomram                      comram       000000
__Lconfig                      config       000000
__Lconst                       const        000000
__LcstackBANK0                 cstackBANK0  000000
__LcstackCOMRAM                cstackCOMRAM 000000
__Ldata                        data         000000
__LdataBANK0                   dataBANK0    000000
__LdataBANK1                   dataBANK1    000000
__Leeprom_data                 eeprom_data  000000
__Lfarbss                      farbss       000000
__Lfardata                     fardata      000000
__Libigdata                    ibigdata     000000
__Lidata                       idata        000000
__LidataBANK0                  idataBANK0   000000
__LidataBANK1                  idataBANK1   000000
__Lidloc                       idloc        000000
__Lifardata                    ifardata     000000
__Linit                        init         000000
__Lintcode                     intcode      000000
__Lintcode_body                intcode_body 000000
__Lintcodelo                   intcodelo    000000
__Lintentry                    intentry     000000
__Lintret                      intret       000000
__Lintsave_regs                intsave_regs 000000
__Lirdata                      irdata       000000
__Lmediumconst                 mediumconst  000000
__LnvBANK0                     nvBANK0      000000
__LnvFARRAM                    nvFARRAM     000000
__Lnvbit                       nvbit        000000
__Lnvrram                      nvrram       000000
__Lparam                       rparam       000000
__Lpowerup                     powerup      000000
__Lram                         ram          000000
__Lramtop                      ramtop       000600
__Lrbit                        rbit         000000
__Lrbss                        rbss         000000
__Lrdata                       rdata        000000
__Lreset_vec                   reset_vec    000000
__Lrparam                      rparam       000000
__Lsfr                         sfr          000000
__Lsmallconst                  smallconst   000600
__Lspace_0                     (abs)        000000
__Lspace_1                     (abs)        000000
__Lspace_2                     (abs)        000000
__Lspace_4                     (abs)        000000
__Lstack                       stack        000000
__Lstruct                      struct       000000
__Ltemp                        temp         000000
__Ltext                        text         000000
__Ltext0                       text0        000000
__Ltext1                       text1        000000
__Ltext10                      text10       000000
__Ltext11                      text11       000000
__Ltext12                      text12       000000
__Ltext13                      text13       000000
__Ltext14                      text14       000000
__Ltext15                      text15       000000
__Ltext16                      text16       000000
__Ltext17                      text17       000000
__Ltext18                      text18       000000
__Ltext19                      text19       000000
__Ltext2                       text2        000000
__Ltext20                      text20       000000
__Ltext21                      text21       000000
__Ltext22                      text22       000000
__Ltext23                      text23       000000
__Ltext24                      text24       000000
__Ltext25                      text25       000000
__Ltext26                      text26       000000
__Ltext27                      text27       000000
__Ltext28                      text28       000000
__Ltext29                      text29       000000
__Ltext3                       text3        000000
__Ltext30                      text30       000000
__Ltext31                      text31       000000
__Ltext32                      text32       000000
__Ltext33                      text33       000000
__Ltext34                      text34       000000
__Ltext35                      text35       000000
__Ltext36                      text36       000000
__Ltext37                      text37       000000
__Ltext38                      text38       000000
__Ltext39                      text39       000000
__Ltext4                       text4        000000
__Ltext40                      text40       000000
__Ltext41                      text41       000000
__Ltext42                      text42       000000
__Ltext43                      text43       000000
__Ltext44                      text44       000000
__Ltext45                      text45       000000
__Ltext46                      text46       000000
__Ltext47                      text47       000000
__Ltext48                      text48       000000
__Ltext49                      text49       000000
__Ltext5                       text5        000000
__Ltext50                      text50       000000
__Ltext51                      text51       000000
__Ltext52                      text52       000000
__Ltext53                      text53       000000
__Ltext54                      text54       000000
__Ltext55                      text55       000000
__Ltext56                      text56       000000
__Ltext57                      text57       000000
__Ltext58                      text58       000000
__Ltext6                       text6        000000
__Ltext7                       text7        000000
__Ltext8                       text8        000000
__Ltext9                       text9        000000
__S0                           (abs)        002AF6
__S1                           (abs)        0001EE
__S2                           (abs)        000000
__S4                           (abs)        000000
__S5                           (abs)        000000
___awdiv                       text57       001C1C
___awdiv@counter               cstackCOMRAM 000005
___awdiv@dividend              cstackCOMRAM 000001
___awdiv@divisor               cstackCOMRAM 000003
___awdiv@quotient              cstackCOMRAM 000007
___awdiv@sign                  cstackCOMRAM 000006
___awmod                       text38       001D94
___awmod@counter               cstackCOMRAM 000017
___awmod@dividend              cstackCOMRAM 000013
___awmod@divisor               cstackCOMRAM 000015
___awmod@sign                  cstackCOMRAM 000018
___fladd                       text37       000664
___fladd@a                     cstackCOMRAM 000005
___fladd@aexp                  cstackCOMRAM 00000E
___fladd@b                     cstackCOMRAM 000001
___fladd@bexp                  cstackCOMRAM 00000F
___fladd@grs                   cstackCOMRAM 000010
___fladd@signs                 cstackCOMRAM 00000D
___flge                        text36       001950
___flge@ff1                    cstackCOMRAM 000001
___flge@ff2                    cstackCOMRAM 000005
___inthi_sp                    stack        000000
___intlo_sp                    stack        000000
___lmul                        text20       001FD2
___lmul@multiplicand           cstackCOMRAM 000005
___lmul@multiplier             cstackCOMRAM 000001
___lmul@product                cstackCOMRAM 000009
___param_bank                  (abs)        000000
___rparam_used                 (abs)        000001
___sp                          stack        000000
___wmul                        text56       002A86
___wmul@multiplicand           cstackCOMRAM 00001B
___wmul@multiplier             cstackCOMRAM 000019
___wmul@product                cstackCOMRAM 00001D
__accesstop                    (abs)        000080
__activetblptr                 (abs)        000002
__end_of_Apostando             text14       000F38
__end_of_GameOver              text13       00223A
__end_of_I2C_delay             text34       002AF4
__end_of_Lose                  text42       0022FA
__end_of_PulseClockData        text50       002A38
__end_of_PulseEnClock          text49       002A0E
__end_of_Win1x                 text41       00217A
__end_of_Win2x                 text40       002110
__end_of_WinAll                text39       0020A6
__end_of___awdiv               text57       001CE0
__end_of___awmod               text38       001E44
__end_of___fladd               text37       000B24
__end_of___flge                text36       001A54
__end_of___lmul                text20       00203C
__end_of___wmul                text56       002AAC
__end_of__initialization       cinit        0023FE
__end_of_apostandoTxtProgress  text10       001EEC
__end_of_bcd2dec               text35       002712
__end_of_charKey               smallconst   00061B
__end_of_clear_SCL             text32       0029E4
__end_of_clear_SDA             text27       0029BA
__end_of_delay                 text58       0026D0
__end_of_delayMicro            text53       002AF6
__end_of_delayMili             text54       002934
__end_of_digitalRead           text31       0016B4
__end_of_digitalWrite          text52       0013D4
__end_of_dsReadData            text21       00268C
__end_of_i2cReadByte           text24       002562
__end_of_i2cWriteByte          text22       00229A
__end_of_i2c_read_bit          text28       0028D4
__end_of_i2c_start             text23       002646
__end_of_i2c_stop              text26       002904
__end_of_i2c_write_bit         text25       0024B8
__end_of_inverso               text12       002990
__end_of_itoa                  text55       001812
__end_of_kpDebounce            text9        001950
__end_of_kpInit                text7        0028A2
__end_of_kpRead                text6        002AF2
__end_of_lcdChar               text45       002ACA
__end_of_lcdCommand            text46       002AE8
__end_of_lcdInit               text4        001D94
__end_of_main                  text0        001C1C
__end_of_pinMode               text33       001186
__end_of_printf                text44       0027CC
__end_of_pulseEnablePin        text51       002754
__end_of_pushByte              text47       0023B0
__end_of_pushNibble            text5        002A86
__end_of_rand                  text19       001FD2
__end_of_read_SCL              text30       00283C
__end_of_read_SDA              text29       002804
__end_of_saldoTxt              text43       001F64
__end_of_soInit                text8        002792
__end_of_soWrite               text48       0025B0
__end_of_srand                 text18       002A60
__end_of_ssdDigit              text17       002460
__end_of_ssdInit               text3        00250E
__end_of_ssdUpdate             text16       00154A
__end_of_textInit              text2        0021DA
__end_of_time                  text15       0025FC
__end_of_valor                 smallconst   000611
__end_of_verso                 text11       002962
__end_of_waitTxtProgress       text1        002356
__initialization               cinit        0023B0
__mediumconst                  mediumconst  000000
__pbssBANK0                    bssBANK0     0000D9
__pbssCOMRAM                   bssCOMRAM    00007F
__pcinit                       cinit        0023B0
__pcstackBANK0                 cstackBANK0  0000B3
__pcstackCOMRAM                cstackCOMRAM 000001
__pdataBANK0                   dataBANK0    000080
__pdataBANK1                   dataBANK1    000100
__pidataBANK0                  idataBANK0   00283C
__pidataBANK1                  idataBANK1   001A54
__pnvBANK0                     nvBANK0      0000F2
__psmallconst                  smallconst   000600
__ptext0                       text0        001B42
__ptext1                       text1        0022FA
__ptext10                      text10       001E44
__ptext11                      text11       002934
__ptext12                      text12       002962
__ptext13                      text13       0021DA
__ptext14                      text14       000B24
__ptext15                      text15       0025B0
__ptext16                      text16       0013D4
__ptext17                      text17       002408
__ptext18                      text18       002A38
__ptext19                      text19       001F64
__ptext2                       text2        00217A
__ptext20                      text20       001FD2
__ptext21                      text21       002646
__ptext22                      text22       00223A
__ptext23                      text23       0025FC
__ptext24                      text24       00250E
__ptext25                      text25       002460
__ptext26                      text26       0028D4
__ptext27                      text27       002990
__ptext28                      text28       0028A2
__ptext29                      text29       0027CC
__ptext3                       text3        0024B8
__ptext30                      text30       002804
__ptext31                      text31       00154A
__ptext32                      text32       0029BA
__ptext33                      text33       000F38
__ptext34                      text34       002AF2
__ptext35                      text35       0026D0
__ptext36                      text36       001950
__ptext37                      text37       000664
__ptext38                      text38       001D94
__ptext39                      text39       00203C
__ptext4                       text4        001CE0
__ptext40                      text40       0020A6
__ptext41                      text41       002110
__ptext42                      text42       00229A
__ptext43                      text43       001EEC
__ptext44                      text44       002792
__ptext45                      text45       002AAC
__ptext46                      text46       002ACA
__ptext47                      text47       002356
__ptext48                      text48       002562
__ptext49                      text49       0029E4
__ptext5                       text5        002A60
__ptext50                      text50       002A0E
__ptext51                      text51       002712
__ptext52                      text52       001186
__ptext53                      text53       002AF4
__ptext54                      text54       002904
__ptext55                      text55       0016B4
__ptext56                      text56       002A86
__ptext57                      text57       001C1C
__ptext58                      text58       00268C
__ptext6                       text6        002AE8
__ptext7                       text7        002870
__ptext8                       text8        002754
__ptext9                       text9        001812
__ramtop                       ramtop       000600
__size_of_Apostando            (abs)        000000
__size_of_GameOver             (abs)        000000
__size_of_I2C_delay            (abs)        000000
__size_of_Lose                 (abs)        000000
__size_of_PulseClockData       (abs)        000000
__size_of_PulseEnClock         (abs)        000000
__size_of_Win1x                (abs)        000000
__size_of_Win2x                (abs)        000000
__size_of_WinAll               (abs)        000000
__size_of___awdiv              (abs)        000000
__size_of___awmod              (abs)        000000
__size_of___fladd              (abs)        000000
__size_of___flge               (abs)        000000
__size_of___lmul               (abs)        000000
__size_of___wmul               (abs)        000000
__size_of_apostandoTxtProgress (abs)        000000
__size_of_bcd2dec              (abs)        000000
__size_of_clear_SCL            (abs)        000000
__size_of_clear_SDA            (abs)        000000
__size_of_delay                (abs)        000000
__size_of_delayMicro           (abs)        000000
__size_of_delayMili            (abs)        000000
__size_of_digitalRead          (abs)        000000
__size_of_digitalWrite         (abs)        000000
__size_of_dsReadData           (abs)        000000
__size_of_i2cReadByte          (abs)        000000
__size_of_i2cWriteByte         (abs)        000000
__size_of_i2c_read_bit         (abs)        000000
__size_of_i2c_start            (abs)        000000
__size_of_i2c_stop             (abs)        000000
__size_of_i2c_write_bit        (abs)        000000
__size_of_inverso              (abs)        000000
__size_of_itoa                 (abs)        000000
__size_of_kpDebounce           (abs)        000000
__size_of_kpInit               (abs)        000000
__size_of_kpRead               (abs)        000000
__size_of_lcdChar              (abs)        000000
__size_of_lcdCommand           (abs)        000000
__size_of_lcdInit              (abs)        000000
__size_of_main                 (abs)        000000
__size_of_pinMode              (abs)        000000
__size_of_printf               (abs)        000000
__size_of_pulseEnablePin       (abs)        000000
__size_of_pushByte             (abs)        000000
__size_of_pushNibble           (abs)        000000
__size_of_rand                 (abs)        000000
__size_of_read_SCL             (abs)        000000
__size_of_read_SDA             (abs)        000000
__size_of_saldoTxt             (abs)        000000
__size_of_soInit               (abs)        000000
__size_of_soWrite              (abs)        000000
__size_of_srand                (abs)        000000
__size_of_ssdDigit             (abs)        000000
__size_of_ssdInit              (abs)        000000
__size_of_ssdUpdate            (abs)        000000
__size_of_textInit             (abs)        000000
__size_of_time                 (abs)        000000
__size_of_verso                (abs)        000000
__size_of_waitTxtProgress      (abs)        000000
__smallconst                   smallconst   000600
_apostandoTxtProgress          text10       001E44
_bcd2dec                       text35       0026D0
_clear_SCL                     text32       0029BA
_clear_SDA                     text27       002990
_delay                         text58       00268C
_delayMicro                    text53       002AF4
_delayMili                     text54       002904
_digitalRead                   text31       00154A
_digitalWrite                  text52       001186
_display                       bssBANK0     0000F1
_dsReadData                    text21       002646
_i                             bssBANK0     0000EC
_i2cReadByte                   text24       00250E
_i2cWriteByte                  text22       00223A
_i2c_read_bit                  text28       0028A2
_i2c_start                     text23       0025FC
_i2c_stop                      text26       0028D4
_i2c_write_bit                 text25       002460
_inverso                       text12       002962
_itoa                          text55       0016B4
_keys                          bssBANK0     0000E9
_kpDebounce                    text9        001812
_kpInit                        text7        002870
_kpRead                        text6        002AE8
_lcdChar                       text45       002AAC
_lcdCommand                    text46       002ACA
_lcdInit                       text4        001CE0
_main                          text0        001B42
_pinMode                       text33       000F38
_printf                        text44       002792
_pulseEnablePin                text51       002712
_pushByte                      text47       002356
_pushNibble                    text5        002A60
_rand                          text19       001F64
_random                        bssBANK0     0000E3
_read_SCL                      text30       002804
_read_SDA                      text29       0027CC
_saldo                         dataBANK0    0000B1
_saldoTxt                      text43       001EEC
_seed                          nvBANK0      0000F2
_soInit                        text8        002754
_soWrite                       text48       002562
_srand                         text18       002A38
_ssdDigit                      text17       002408
_ssdInit                       text3        0024B8
_ssdUpdate                     text16       0013D4
_started                       bssBANK0     0000EB
_textInit                      text2        00217A
_time                          text15       0025B0
_v0                            bssBANK0     0000F0
_v1                            bssBANK0     0000EF
_v2                            bssBANK0     0000EE
_v3                            bssBANK0     0000ED
_valor                         smallconst   000601
_verso                         text11       002934
_waitTxtProgress               text1        0022FA
apostaTxt@F2789                dataBANK0    00008F
apostaTxt@F2791                dataBANK0    000080
apostandoTxtProgress@F2833     dataBANK1    000149
apostandoTxtProgress@F2835     dataBANK1    00013A
apostandoTxtProgress@text      cstackBANK0  0000B3
apostandoTxtProgress@text2     cstackBANK0  0000C2
bcd2dec@value                  cstackCOMRAM 00001F
delay@i                        cstackCOMRAM 000001
delay@j                        cstackCOMRAM 000002
delayMicro@a                   cstackCOMRAM 000001
delayMili@a                    cstackCOMRAM 000001
delayMili@i                    cstackCOMRAM 000004
digitalRead@pin                cstackCOMRAM 000001
digitalWrite@pin               cstackCOMRAM 000001
digitalWrite@value             cstackCOMRAM 000003
dsReadData@address             cstackCOMRAM 00000E
dsReadData@result              cstackCOMRAM 000011
end_of_initialization          cinit        0023FE
i2cReadByte@bit                cstackCOMRAM 00000B
i2cReadByte@byte               cstackCOMRAM 00000D
i2cReadByte@nack               cstackCOMRAM 00000A
i2cReadByte@send_stop          cstackCOMRAM 000008
i2cWriteByte@bit               cstackCOMRAM 00000B
i2cWriteByte@byte              cstackCOMRAM 000009
i2cWriteByte@send_start        cstackCOMRAM 00000A
i2cWriteByte@send_stop         cstackCOMRAM 000008
i2c_read_bit@bit               cstackCOMRAM 000007
i2c_write_bit@bit              cstackCOMRAM 000007
intlevel0                      text         000000
intlevel1                      text         000000
intlevel2                      text         000000
intlevel3                      text         000000
inverso@k                      cstackCOMRAM 000003
inverso@x                      cstackCOMRAM 000004
isa$std                        (abs)        000001
isa$xinst                      (abs)        000000
itoa@basea                     cstackCOMRAM 000023
itoa@ptr                       cstackCOMRAM 00002C
itoa@ptr1                      cstackCOMRAM 00002A
itoa@result                    cstackCOMRAM 000021
itoa@tmp_char                  cstackCOMRAM 000027
itoa@tmp_value                 cstackCOMRAM 000028
itoa@value                     cstackCOMRAM 00001F
kpDebounce@i                   cstackCOMRAM 00000D
kpDebounce@newRead             bssBANK0     0000E7
kpDebounce@oldRead             bssBANK0     0000E5
kpDebounce@tempo               bssCOMRAM    00007F
lcdChar@value                  cstackCOMRAM 00000E
lcdCommand@value               cstackCOMRAM 00000E
main@tecla                     cstackCOMRAM 00007D
pinMode@pin                    cstackCOMRAM 000001
pinMode@type                   cstackCOMRAM 000003
printf@i                       cstackCOMRAM 000011
printf@text                    cstackCOMRAM 00000F
pushByte@rs                    cstackCOMRAM 00000A
pushByte@value                 cstackCOMRAM 00000D
pushNibble@rs                  cstackCOMRAM 00000A
pushNibble@value               cstackCOMRAM 00000C
saldoTxt@F2794                 dataBANK0    0000AA
saldoTxt@textBaixo             cstackCOMRAM 000035
saldoTxt@textCima              cstackCOMRAM 00002E
soWrite@i                      cstackCOMRAM 000009
soWrite@value                  cstackCOMRAM 000007
srand@s                        cstackCOMRAM 000009
ssdDigit@pos                   cstackCOMRAM 000019
ssdDigit@val                   cstackCOMRAM 00001A
stackhi                        (abs)        0005FF
stacklo                        (abs)        0001EE
start                          init         000000
start_initialization           cinit        0023B0
textInit@F2776                 dataBANK0    00009E
textInit@F2778                 dataBANK1    000129
textInit@textBaixo             cstackCOMRAM 000012
textInit@textCima              cstackCOMRAM 000023
time@t                         cstackCOMRAM 000001
verso@k                        cstackCOMRAM 000003
verso@x                        cstackCOMRAM 000004
waitTxtProgress@F2799          dataBANK1    0001DF
waitTxtProgress@F2801          dataBANK1    0001D0
waitTxtProgress@textBaixo      cstackCOMRAM 000021
waitTxtProgress@textCima       cstackCOMRAM 000012


MODULE INFORMATION

Module		Function		Class		Link	Load	Size
ssd.c
		_ssdInit       		CODE           	24B8	0000	86
		_ssdDigit      		CODE           	2408	0000	88
		_ssdUpdate     		CODE           	13D4	0000	374

ssd.c estimated size: 548

C:\Program Files\Microchip\xc8\v2.32\pic\sources\c99\common\awdiv.c
		___awdiv       		CODE           	1C1C	0000	196

C:\Program Files\Microchip\xc8\v2.32\pic\sources\c99\common\awdiv.c estimated size: 196

C:\Program Files\Microchip\xc8\v2.32\pic\sources\c99\common\sprcadd.c
		___fladd       		CODE           	0664	0000	1216

C:\Program Files\Microchip\xc8\v2.32\pic\sources\c99\common\sprcadd.c estimated size: 1216

keypad.c
		_kpInit        		CODE           	2870	0000	50
		_kpDebounce    		CODE           	1812	0000	318
		_kpRead        		CODE           	2AE8	0000	10

keypad.c estimated size: 378

so.c
		_soInit        		CODE           	2754	0000	62
		_soWrite       		CODE           	2562	0000	78
		_PulseEnClock  		CODE           	29E4	0000	42
		_PulseClockData		CODE           	2A0E	0000	42

so.c estimated size: 224

io.c
		_digitalRead   		CODE           	154A	0000	362
		_digitalWrite  		CODE           	1186	0000	590
		_pinMode       		CODE           	0F38	0000	590

io.c estimated size: 1542

i2c.c
		_i2c_start     		CODE           	25FC	0000	74
		_i2cReadByte   		CODE           	250E	0000	84
		_read_SCL      		CODE           	2804	0000	56
		_I2C_delay     		CODE           	2AF2	0000	2
		_clear_SDA     		CODE           	2990	0000	42
		_clear_SCL     		CODE           	29BA	0000	42
		_i2cWriteByte  		CODE           	223A	0000	96
		_i2c_stop      		CODE           	28D4	0000	48
		_i2c_write_bit 		CODE           	2460	0000	88
		_i2c_read_bit  		CODE           	28A2	0000	50
		_read_SDA      		CODE           	27CC	0000	56

i2c.c estimated size: 638

C:\Program Files\Microchip\xc8\v2.32\pic\sources\c99\common\rand.c
		_srand         		CODE           	2A38	0000	40
		_rand          		CODE           	1F64	0000	110

C:\Program Files\Microchip\xc8\v2.32\pic\sources\c99\common\rand.c estimated size: 150

ds1307.c
		_dsReadData    		CODE           	2646	0000	70
		_bcd2dec       		CODE           	26D0	0000	66

ds1307.c estimated size: 136

C:\Program Files\Microchip\xc8\v2.32\pic\sources\c99\common\Umul16.c
		___wmul        		CODE           	2A86	0000	38

C:\Program Files\Microchip\xc8\v2.32\pic\sources\c99\common\Umul16.c estimated size: 38

controle.c
		_waitTxtProgress		CODE           	22FA	0000	92
		_delay         		CODE           	268C	0000	68
		_saldoTxt      		CODE           	1EEC	0000	120
		_textInit      		CODE           	217A	0000	96
		_WinAll        		CODE           	203C	0000	106
		_verso         		CODE           	2934	0000	46
		_apostandoTxtProgress		CODE           	1E44	0000	168
		_printf        		CODE           	2792	0000	58
		_itoa          		CODE           	16B4	0000	350
		_Apostando     		CODE           	0B24	0000	1044
		_Win1x         		CODE           	2110	0000	106
		_inverso       		CODE           	2962	0000	46
		_Lose          		CODE           	229A	0000	96
		_Win2x         		CODE           	20A6	0000	106
		_GameOver      		CODE           	21DA	0000	96

controle.c estimated size: 2598

shared
		_valor         		SMALLCONST     	0601	0000	16
		_charKey       		SMALLCONST     	0000	0000	0
		__initialization		CODE           	23B0	0000	78

shared estimated size: 94

C:\Program Files\Microchip\xc8\v2.32\pic\sources\c99\common\awmod.c
		___awmod       		CODE           	1D94	0000	176

C:\Program Files\Microchip\xc8\v2.32\pic\sources\c99\common\awmod.c estimated size: 176

C:\Program Files\Microchip\xc8\v2.32\pic\sources\c99\common\Umul32.c
		___lmul        		CODE           	1FD2	0000	106

C:\Program Files\Microchip\xc8\v2.32\pic\sources\c99\common\Umul32.c estimated size: 106

lcd.c
		_lcdCommand    		CODE           	2ACA	0000	30
		_lcdChar       		CODE           	2AAC	0000	30
		_pulseEnablePin		CODE           	2712	0000	66
		_pushByte      		CODE           	2356	0000	90
		_pushNibble    		CODE           	2A60	0000	38
		_lcdInit       		CODE           	1CE0	0000	180
		_delayMili     		CODE           	2904	0000	48
		_delayMicro    		CODE           	2AF4	0000	2

lcd.c estimated size: 484

main.c
		_main          		CODE           	1B42	0000	218

main.c estimated size: 218

C:\Program Files\Microchip\xc8\v2.32\pic\sources\c99\common\flge.c
		___flge        		CODE           	1950	0000	260

C:\Program Files\Microchip\xc8\v2.32\pic\sources\c99\common\flge.c estimated size: 260

C:\Program Files\Microchip\xc8\v2.32\pic\sources\c99\common\time.c
		_time          		CODE           	25B0	0000	76

C:\Program Files\Microchip\xc8\v2.32\pic\sources\c99\common\time.c estimated size: 76

